// Jest Snapshot v1, https://goo.gl/fbAQLP

exports[`Main app to match first snapshot Must match snapshoot 1`] = `
<View
  style={
    {
      "backgroundColor": "#E8EAED",
      "flex": 1,
    }
  }
>
  <RCTScrollView
    contentContainerStyle={
      {
        "flexGrow": 1,
      }
    }
    keyboardShouldPersistTaps="handled"
  >
    <View>
      <View
        style={
          {
            "paddingHorizontal": 20,
            "paddingTop": 10,
          }
        }
      >
        <Text
          style={
            {
              "fontSize": 24,
              "fontWeight": "bold",
            }
          }
        >
          My Daily Task
        </Text>
        <View
          style={
            {
              "marginTop": 8,
            }
          }
        >
          <View
            style={
              {
                "alignItems": "center",
                "flex": 1,
                "justifyContent": "center",
              }
            }
          >
            <Text
              style={
                {
                  "color": "green",
                  "fontFamily": "bold",
                  "fontSize": 18,
                }
              }
            >
              Please wait, fetching task...
            </Text>
          </View>
        </View>
      </View>
    </View>
  </RCTScrollView>
  <View
    onLayout={[Function]}
    style={
      [
        {
          "alignItems": "center",
          "bottom": 20,
          "flexDirection": "row",
          "justifyContent": "space-around",
          "position": "absolute",
          "width": "100%",
        },
        {
          "paddingBottom": 0,
        },
      ]
    }
  >
    <TextInput
      onChangeText={[Function]}
      placeholder="enter task here"
      style={
        {
          "backgroundColor": "#FFF",
          "borderColor": "#C0C0C0",
          "borderRadius": 5,
          "borderWidth": 1,
          "height": 45,
          "paddingHorizontal": 15,
          "paddingVertical": 15,
          "width": 250,
        }
      }
      value=""
    />
    <View
      accessibilityState={
        {
          "busy": undefined,
          "checked": undefined,
          "disabled": undefined,
          "expanded": undefined,
          "selected": undefined,
        }
      }
      accessibilityValue={
        {
          "max": undefined,
          "min": undefined,
          "now": undefined,
          "text": undefined,
        }
      }
      accessible={true}
      collapsable={false}
      focusable={true}
      onClick={[Function]}
      onResponderGrant={[Function]}
      onResponderMove={[Function]}
      onResponderRelease={[Function]}
      onResponderTerminate={[Function]}
      onResponderTerminationRequest={[Function]}
      onStartShouldSetResponder={[Function]}
      style={
        {
          "opacity": 1,
        }
      }
      testID="add_task"
    >
      <View
        style={
          {
            "alignItems": "center",
            "backgroundColor": "#FFF",
            "borderColor": "#C0C0C0",
            "borderRadius": 5,
            "borderWidth": 1,
            "height": 45,
            "justifyContent": "center",
            "width": 60,
          }
        }
      >
        <Text
          style={{}}
        >
          +
        </Text>
      </View>
    </View>
  </View>
</View>
`;
